// Jest Snapshot v1, https://goo.gl/fbAQLP

exports[`Onboarding Page renders correctly 1`] = `
<div>
  <div>
    <h1>
      Welcome New Person!
    </h1>
    <form>
      <div
        class="input-container"
      >
        <label
          for="username"
        >
          Enter your username
        </label>
        <input
          class="cool-border-with-shadow"
          id="username"
          maxlength="15"
          minlength="3"
          name="username"
          placeholder="username"
          value=""
        />
      </div>
      <button
        class="button cool-border-with-shadow"
        type="submit"
      >
        Submit
      </button>
    </form>
  </div>
</div>
`;
